Copyright 1986-2022 Xilinx, Inc. All Rights Reserved. Copyright 2022-2026 Advanced Micro Devices, Inc. All Rights Reserved.
---------------------------------------------------------------------------------------------------------------------------------------------
| Tool Version : Vivado v.2026.1 (win64) Build 6511674 Tue Jun 16 11:02:23 MDT 2026
| Date         : Mon Sep 28 13:00:28 2026
| Host         : BOOK-SF3MGKKSOK running 64-bit major release  (build 9200)
| Command      : report_utilization -file lab3_mmss_clock_utilization_synth.rpt -pb lab3_mmss_clock_utilization_synth.pb
| Design       : lab3_mmss_clock
| Device       : xc7s75fgga484-1
| Speed File   : -1
| Design State : Synthesized
---------------------------------------------------------------------------------------------------------------------------------------------

Utilization Design Information

Table of Contents
-----------------
1. Slice Logic
1.1 Summary of Registers by Type
2. Memory
3. DSP
4. IO and GT Specific
5. Clocking
6. Specific Feature
7. Primitives
8. Black Boxes
9. Instantiated Netlists

1. Slice Logic
--------------

+-------------------------+------+-------+------------+-----------+-------+
|        Site Type        | Used | Fixed | Prohibited | Available | Util% |
+-------------------------+------+-------+------------+-----------+-------+
| Slice LUTs*             |   83 |     0 |          0 |     48000 |  0.17 |
|   LUT as Logic          |   83 |     0 |          0 |     48000 |  0.17 |
|   LUT as Memory         |    0 |     0 |          0 |     17600 |  0.00 |
| Slice Registers         |   58 |     0 |          0 |     96000 |  0.06 |
|   Register as Flip Flop |   58 |     0 |          0 |     96000 |  0.06 |
|   Register as Latch     |    0 |     0 |          0 |     96000 |  0.00 |
| F7 Muxes                |    1 |     0 |          0 |     32000 | <0.01 |
| F8 Muxes                |    0 |     0 |          0 |     16000 |  0.00 |
| Unique Control Sets     |    5 |       |          0 |     16000 |  0.03 |
+-------------------------+------+-------+------------+-----------+-------+
* Warning! The Final LUT count, after physical optimizations and full implementation, is typically lower. Run opt_design after synthesis, if not already completed, for a more realistic count.
Warning! LUT value is adjusted to account for LUT combining.
Warning! For any ECO changes, please run place_design if there are unplaced instances
** Note: Available Control Sets calculated as Slice * 1, Review the Control Sets Report for more information regarding control sets.


1.1 Summary of Registers by Type
--------------------------------

+-------+--------------+-------------+--------------+
| Total | Clock Enable | Synchronous | Asynchronous |
+-------+--------------+-------------+--------------+
| 0     |            _ |           - |            - |
| 0     |            _ |           - |          Set |
| 0     |            _ |           - |        Reset |
| 0     |            _ |         Set |            - |
| 0     |            _ |       Reset |            - |
| 0     |          Yes |           - |            - |
| 0     |          Yes |           - |          Set |
| 58    |          Yes |           - |        Reset |
| 0     |          Yes |         Set |            - |
| 0     |          Yes |       Reset |            - |
+-------+--------------+-------------+--------------+


2. Memory
---------

+----------------+------+-------+------------+-----------+-------+
|    Site Type   | Used | Fixed | Prohibited | Available | Util% |
+----------------+------+-------+------------+-----------+-------+
| Block RAM Tile |    0 |     0 |          0 |        90 |  0.00 |
|   RAMB36/FIFO* |    0 |     0 |          0 |        90 |  0.00 |
|   RAMB18       |    0 |     0 |          0 |       180 |  0.00 |
+----------------+------+-------+------------+-----------+-------+
* Note: Each Block RAM Tile only has one FIFO logic available and therefore can accommodate only one FIFO36E1 or one FIFO18E1. However, if a FIFO18E1 occupies a Block RAM Tile, that tile can still accommodate a RAMB18E1


3. DSP
------

+-----------+------+-------+------------+-----------+-------+
| Site Type | Used | Fixed | Prohibited | Available | Util% |
+-----------+------+-------+------------+-----------+-------+
| DSPs      |    0 |     0 |          0 |       140 |  0.00 |
+-----------+------+-------+------------+-----------+-------+


4. IO and GT Specific
---------------------

+-----------------------------+------+-------+------------+-----------+-------+
|          Site Type          | Used | Fixed | Prohibited | Available | Util% |
+-----------------------------+------+-------+------------+-----------+-------+
| Bonded IOB                  |   18 |     0 |          0 |       338 |  5.33 |
| Bonded IPADs                |    0 |     0 |          0 |         2 |  0.00 |
| PHY_CONTROL                 |    0 |     0 |          0 |         8 |  0.00 |
| PHASER_REF                  |    0 |     0 |          0 |         8 |  0.00 |
| OUT_FIFO                    |    0 |     0 |          0 |        32 |  0.00 |
| IN_FIFO                     |    0 |     0 |          0 |        32 |  0.00 |
| IDELAYCTRL                  |    0 |     0 |          0 |         8 |  0.00 |
| IBUFDS                      |    0 |     0 |          0 |       325 |  0.00 |
| PHASER_OUT/PHASER_OUT_PHY   |    0 |     0 |          0 |        32 |  0.00 |
| PHASER_IN/PHASER_IN_PHY     |    0 |     0 |          0 |        32 |  0.00 |
| IDELAYE2/IDELAYE2_FINEDELAY |    0 |     0 |          0 |       400 |  0.00 |
| ILOGIC                      |    0 |     0 |          0 |       338 |  0.00 |
| OLOGIC                      |    0 |     0 |          0 |       338 |  0.00 |
+-----------------------------+------+-------+------------+-----------+-------+


5. Clocking
-----------

+------------+------+-------+------------+-----------+-------+
|  Site Type | Used | Fixed | Prohibited | Available | Util% |
+------------+------+-------+------------+-----------+-------+
| BUFGCTRL   |    1 |     0 |          0 |        32 |  3.13 |
| BUFIO      |    0 |     0 |          0 |        32 |  0.00 |
| MMCME2_ADV |    0 |     0 |          0 |         8 |  0.00 |
| PLLE2_ADV  |    0 |     0 |          0 |         8 |  0.00 |
| BUFMRCE    |    0 |     0 |          0 |        16 |  0.00 |
| BUFHCE     |    0 |     0 |          0 |        96 |  0.00 |
| BUFR       |    0 |     0 |          0 |        32 |  0.00 |
+------------+------+-------+------------+-----------+-------+


6. Specific Feature
-------------------

+-------------+------+-------+------------+-----------+-------+
|  Site Type  | Used | Fixed | Prohibited | Available | Util% |
+-------------+------+-------+------------+-----------+-------+
| BSCANE2     |    0 |     0 |          0 |         4 |  0.00 |
| CAPTUREE2   |    0 |     0 |          0 |         1 |  0.00 |
| DNA_PORT    |    0 |     0 |          0 |         1 |  0.00 |
| EFUSE_USR   |    0 |     0 |          0 |         1 |  0.00 |
| FRAME_ECCE2 |    0 |     0 |          0 |         1 |  0.00 |
| ICAPE2      |    0 |     0 |          0 |         2 |  0.00 |
| STARTUPE2   |    0 |     0 |          0 |         1 |  0.00 |
| XADC        |    0 |     0 |          0 |         1 |  0.00 |
+-------------+------+-------+------------+-----------+-------+


7. Primitives
-------------

+----------+------+---------------------+
| Ref Name | Used | Functional Category |
+----------+------+---------------------+
| FDCE     |   58 |        Flop & Latch |
| LUT2     |   47 |                 LUT |
| LUT6     |   33 |                 LUT |
| LUT4     |   21 |                 LUT |
| OBUF     |   16 |                  IO |
| CARRY4   |   11 |          CarryLogic |
| LUT3     |    7 |                 LUT |
| LUT1     |    6 |                 LUT |
| LUT5     |    2 |                 LUT |
| IBUF     |    2 |                  IO |
| MUXF7    |    1 |               MuxFx |
| BUFG     |    1 |               Clock |
+----------+------+---------------------+


8. Black Boxes
--------------

+----------+------+
| Ref Name | Used |
+----------+------+


9. Instantiated Netlists
------------------------

+----------+------+
| Ref Name | Used |
+----------+------+


